// Jest Snapshot v1, https://goo.gl/fbAQLP

exports[`LoadingDots renders and matches snapshot 1`] = `
<DocumentFragment>
  <div
    class="loader"
    style="height: 15px; --_g: no-repeat radial-gradient(farthest-side,#000 90%,#0000); background-size: 20% 50%; animation: l43 1s infinite linear; display: inline-block; margin-left: 15px;"
  >
    <style>
      
          @keyframes l43 {
            0% { background-position: calc(0*100%/3) 50%, calc(1*100%/3) 50%, calc(2*100%/3) 50%, calc(3*100%/3) 50%; }
            16.67% { background-position: calc(0*100%/3) 0, calc(1*100%/3) 50%, calc(2*100%/3) 50%, calc(3*100%/3) 50%; }
            33.33% { background-position: calc(0*100%/3) 100%, calc(1*100%/3) 0, calc(2*100%/3) 50%, calc(3*100%/3) 50%; }
            50% { background-position: calc(0*100%/3) 50%, calc(1*100%/3) 100%, calc(2*100%/3) 0, calc(3*100%/3) 50%; }
            66.67% { background-position: calc(0*100%/3) 50%, calc(1*100%/3) 50%, calc(2*100%/3) 100%, calc(3*100%/3) 0; }
            83.33% { background-position: calc(0*100%/3) 50%, calc(1*100%/3) 50%, calc(2*100%/3) 50%, calc(3*100%/3) 100%; }
            100% { background-position: calc(0*100%/3) 50%, calc(1*100%/3) 50%, calc(2*100%/3) 50%, calc(3*100%/3) 50%; }
          }
        
    </style>
  </div>
</DocumentFragment>
`;
